Generating models for 345.essence
Generated models: model000001.eprime
Saved under: conjure-output
Savile Row: model000001.eprime p.param
