language Essence 1.3

given given1: relation (minSize 3, maxSize 3) of (bool * int(0, 2) * int(0..5, 0..5))
find var1: relation of (bool * int(3..4, 0))
given given2: mset (maxOccur 4) of int(3, 1..4)
find var2: mset (minSize 2, maxSize 2, minOccur 5, maxOccur 5) of bool
given given3: function (bijective) int(3..5, 5) --> bool
find var3: function (minSize 1, total, bijective) bool --> bool
find var4: function (size 0, bijective) bool --> int(0..2, 3..5)
such that
    var2 subsetEq var2,
    [true; int(1)][1 % 5],
    image(var3, true < true),
    !!true
