language Essence 1.3

find unused: bool
such that apart({3}, partition({0, 5, 5, 4, 3}, {3}))
