language Essence 1.4

find m: matrix indexed by [int(1..3), int(1..2)] of set of bool
SNSGroup one : [m[1, 2], m[2, 1], m[2, 2]]
SNSNeighbourhood removeElem : (one, nSize : int(1), such that or([incumbent(m[2, 1]) = m[2, 2] - {i} | i <- m[1, 2]]))
