language ESSENCE' 1.0

find var1: int(3, 0..1)
maximising var1
such that true
