Generating models for permutation.essence
Generated models: model000001.eprime
Saved under: conjure-output
Savile Row: model000001.eprime
Copying solution to: permutation.solution
language Essence 1.3

letting p be permutation((E1, E4), (E2, E3))
