language Essence 1.3

find var2: mset (maxOccur 2 % 1) of function (minSize 3) bool --> bool
