Generating models for permutation.essence
Generated models: model000001.eprime
Saved under: conjure-output
Savile Row: model000001.eprime permutation.param
Copying solution to: permutation-permutation-000001.solution
Copying solution to: permutation-permutation-000002.solution
Copying solution to: permutation-permutation-000003.solution
Copying solution to: permutation-permutation-000004.solution
Copying solution to: permutation-permutation-000005.solution
Copying solution to: permutation-permutation-000006.solution
Copying solution to: permutation-permutation-000007.solution
Copying solution to: permutation-permutation-000008.solution
Copying solution to: permutation-permutation-000009.solution
Copying solution to: permutation-permutation-000010.solution
Copying solution to: permutation-permutation-000011.solution
Copying solution to: permutation-permutation-000012.solution
Copying solution to: permutation-permutation-000013.solution
Copying solution to: permutation-permutation-000014.solution
Copying solution to: permutation-permutation-000015.solution
Copying solution to: permutation-permutation-000016.solution
Copying solution to: permutation-permutation-000017.solution
Copying solution to: permutation-permutation-000018.solution
Copying solution to: permutation-permutation-000019.solution
Copying solution to: permutation-permutation-000020.solution
Copying solution to: permutation-permutation-000021.solution
Copying solution to: permutation-permutation-000022.solution
Copying solution to: permutation-permutation-000023.solution
Copying solution to: permutation-permutation-000024.solution
Copying solution to: permutation-permutation-000025.solution
Copying solution to: permutation-permutation-000026.solution
Copying solution to: permutation-permutation-000027.solution
Copying solution to: permutation-permutation-000028.solution
Copying solution to: permutation-permutation-000029.solution
Copying solution to: permutation-permutation-000030.solution
Copying solution to: permutation-permutation-000031.solution
Copying solution to: permutation-permutation-000032.solution
Copying solution to: permutation-permutation-000033.solution
Copying solution to: permutation-permutation-000034.solution
Copying solution to: permutation-permutation-000035.solution
Copying solution to: permutation-permutation-000036.solution
Copying solution to: permutation-permutation-000037.solution
Copying solution to: permutation-permutation-000038.solution
Copying solution to: permutation-permutation-000039.solution
Copying solution to: permutation-permutation-000040.solution
Copying solution to: permutation-permutation-000041.solution
Copying solution to: permutation-permutation-000042.solution
Copying solution to: permutation-permutation-000043.solution
Copying solution to: permutation-permutation-000044.solution
Copying solution to: permutation-permutation-000045.solution
Copying solution to: permutation-permutation-000046.solution
Copying solution to: permutation-permutation-000047.solution
Copying solution to: permutation-permutation-000048.solution
Copying solution to: permutation-permutation-000049.solution
Copying solution to: permutation-permutation-000050.solution
Copying solution to: permutation-permutation-000051.solution
Copying solution to: permutation-permutation-000052.solution
Copying solution to: permutation-permutation-000053.solution
Copying solution to: permutation-permutation-000054.solution
Copying solution to: permutation-permutation-000055.solution
Copying solution to: permutation-permutation-000056.solution
language Essence 1.3

letting x be [THING1, THING1, THING1, THING1, THING1; int(1..5)]
letting y be [THING1, THING1, THING1, THING1, THING1; int(1..5)]
language Essence 1.3

letting x be [THING1, THING1, THING1, THING1, THING1; int(1..5)]
letting y be [THING1, THING1, THING1, THING1, THING2; int(1..5)]
language Essence 1.3

letting x be [THING1, THING1, THING1, THING1, THING1; int(1..5)]
letting y be [THING1, THING1, THING1, THING2, THING2; int(1..5)]
language Essence 1.3

letting x be [THING1, THING1, THING1, THING1, THING1; int(1..5)]
letting y be [THING1, THING1, THING2, THING2, THING2; int(1..5)]
language Essence 1.3

letting x be [THING1, THING1, THING1, THING1, THING1; int(1..5)]
letting y be [THING1, THING2, THING2, THING2, THING2; int(1..5)]
language Essence 1.3

letting x be [THING1, THING1, THING1, THING1, THING1; int(1..5)]
letting y be [THING2, THING2, THING2, THING2, THING2; int(1..5)]
language Essence 1.3

letting x be [THING1, THING1, THING1, THING1, THING2; int(1..5)]
letting y be [THING1, THING1, THING1, THING1, THING1; int(1..5)]
language Essence 1.3

letting x be [THING1, THING1, THING1, THING1, THING2; int(1..5)]
letting y be [THING1, THING1, THING1, THING1, THING2; int(1..5)]
language Essence 1.3

letting x be [THING1, THING1, THING1, THING1, THING2; int(1..5)]
letting y be [THING1, THING1, THING1, THING2, THING1; int(1..5)]
language Essence 1.3

letting x be [THING1, THING1, THING1, THING1, THING2; int(1..5)]
letting y be [THING1, THING1, THING1, THING2, THING2; int(1..5)]
language Essence 1.3

letting x be [THING1, THING1, THING1, THING1, THING2; int(1..5)]
letting y be [THING1, THING1, THING2, THING2, THING1; int(1..5)]
language Essence 1.3

letting x be [THING1, THING1, THING1, THING1, THING2; int(1..5)]
letting y be [THING1, THING1, THING2, THING2, THING2; int(1..5)]
language Essence 1.3

letting x be [THING1, THING1, THING1, THING1, THING2; int(1..5)]
letting y be [THING1, THING2, THING2, THING2, THING1; int(1..5)]
language Essence 1.3

letting x be [THING1, THING1, THING1, THING1, THING2; int(1..5)]
letting y be [THING1, THING2, THING2, THING2, THING2; int(1..5)]
language Essence 1.3

letting x be [THING1, THING1, THING1, THING1, THING2; int(1..5)]
letting y be [THING2, THING2, THING2, THING2, THING1; int(1..5)]
language Essence 1.3

letting x be [THING1, THING1, THING1, THING1, THING2; int(1..5)]
letting y be [THING2, THING2, THING2, THING2, THING2; int(1..5)]
language Essence 1.3

letting x be [THING1, THING1, THING1, THING2, THING2; int(1..5)]
letting y be [THING1, THING1, THING1, THING1, THING1; int(1..5)]
language Essence 1.3

letting x be [THING1, THING1, THING1, THING2, THING2; int(1..5)]
letting y be [THING1, THING1, THING1, THING1, THING2; int(1..5)]
language Essence 1.3

letting x be [THING1, THING1, THING1, THING2, THING2; int(1..5)]
letting y be [THING1, THING1, THING1, THING2, THING2; int(1..5)]
language Essence 1.3

letting x be [THING1, THING1, THING1, THING2, THING2; int(1..5)]
letting y be [THING1, THING1, THING2, THING1, THING1; int(1..5)]
language Essence 1.3

letting x be [THING1, THING1, THING1, THING2, THING2; int(1..5)]
letting y be [THING1, THING1, THING2, THING1, THING2; int(1..5)]
language Essence 1.3

letting x be [THING1, THING1, THING1, THING2, THING2; int(1..5)]
letting y be [THING1, THING1, THING2, THING2, THING2; int(1..5)]
language Essence 1.3

letting x be [THING1, THING1, THING1, THING2, THING2; int(1..5)]
letting y be [THING1, THING2, THING2, THING1, THING1; int(1..5)]
language Essence 1.3

letting x be [THING1, THING1, THING1, THING2, THING2; int(1..5)]
letting y be [THING1, THING2, THING2, THING1, THING2; int(1..5)]
language Essence 1.3

letting x be [THING1, THING1, THING1, THING2, THING2; int(1..5)]
letting y be [THING1, THING2, THING2, THING2, THING2; int(1..5)]
language Essence 1.3

letting x be [THING1, THING1, THING1, THING2, THING2; int(1..5)]
letting y be [THING2, THING2, THING2, THING1, THING1; int(1..5)]
language Essence 1.3

letting x be [THING1, THING1, THING1, THING2, THING2; int(1..5)]
letting y be [THING2, THING2, THING2, THING1, THING2; int(1..5)]
language Essence 1.3

letting x be [THING1, THING1, THING1, THING2, THING2; int(1..5)]
letting y be [THING2, THING2, THING2, THING2, THING2; int(1..5)]
language Essence 1.3

letting x be [THING1, THING1, THING2, THING2, THING2; int(1..5)]
letting y be [THING1, THING1, THING1, THING1, THING1; int(1..5)]
language Essence 1.3

letting x be [THING1, THING1, THING2, THING2, THING2; int(1..5)]
letting y be [THING1, THING1, THING1, THING1, THING2; int(1..5)]
language Essence 1.3

letting x be [THING1, THING1, THING2, THING2, THING2; int(1..5)]
letting y be [THING1, THING1, THING1, THING2, THING2; int(1..5)]
language Essence 1.3

letting x be [THING1, THING1, THING2, THING2, THING2; int(1..5)]
letting y be [THING1, THING1, THING2, THING2, THING2; int(1..5)]
language Essence 1.3

letting x be [THING1, THING1, THING2, THING2, THING2; int(1..5)]
letting y be [THING1, THING2, THING1, THING1, THING1; int(1..5)]
language Essence 1.3

letting x be [THING1, THING1, THING2, THING2, THING2; int(1..5)]
letting y be [THING1, THING2, THING1, THING1, THING2; int(1..5)]
language Essence 1.3

letting x be [THING1, THING1, THING2, THING2, THING2; int(1..5)]
letting y be [THING1, THING2, THING1, THING2, THING2; int(1..5)]
language Essence 1.3

letting x be [THING1, THING1, THING2, THING2, THING2; int(1..5)]
letting y be [THING1, THING2, THING2, THING2, THING2; int(1..5)]
language Essence 1.3

letting x be [THING1, THING1, THING2, THING2, THING2; int(1..5)]
letting y be [THING2, THING2, THING1, THING1, THING1; int(1..5)]
language Essence 1.3

letting x be [THING1, THING1, THING2, THING2, THING2; int(1..5)]
letting y be [THING2, THING2, THING1, THING1, THING2; int(1..5)]
language Essence 1.3

letting x be [THING1, THING1, THING2, THING2, THING2; int(1..5)]
letting y be [THING2, THING2, THING1, THING2, THING2; int(1..5)]
language Essence 1.3

letting x be [THING1, THING1, THING2, THING2, THING2; int(1..5)]
letting y be [THING2, THING2, THING2, THING2, THING2; int(1..5)]
language Essence 1.3

letting x be [THING1, THING2, THING2, THING2, THING2; int(1..5)]
letting y be [THING1, THING1, THING1, THING1, THING1; int(1..5)]
language Essence 1.3

letting x be [THING1, THING2, THING2, THING2, THING2; int(1..5)]
letting y be [THING1, THING1, THING1, THING1, THING2; int(1..5)]
language Essence 1.3

letting x be [THING1, THING2, THING2, THING2, THING2; int(1..5)]
letting y be [THING1, THING1, THING1, THING2, THING2; int(1..5)]
language Essence 1.3

letting x be [THING1, THING2, THING2, THING2, THING2; int(1..5)]
letting y be [THING1, THING1, THING2, THING2, THING2; int(1..5)]
language Essence 1.3

letting x be [THING1, THING2, THING2, THING2, THING2; int(1..5)]
letting y be [THING1, THING2, THING2, THING2, THING2; int(1..5)]
language Essence 1.3

letting x be [THING1, THING2, THING2, THING2, THING2; int(1..5)]
letting y be [THING2, THING1, THING1, THING1, THING1; int(1..5)]
language Essence 1.3

letting x be [THING1, THING2, THING2, THING2, THING2; int(1..5)]
letting y be [THING2, THING1, THING1, THING1, THING2; int(1..5)]
language Essence 1.3

letting x be [THING1, THING2, THING2, THING2, THING2; int(1..5)]
letting y be [THING2, THING1, THING1, THING2, THING2; int(1..5)]
language Essence 1.3

letting x be [THING1, THING2, THING2, THING2, THING2; int(1..5)]
letting y be [THING2, THING1, THING2, THING2, THING2; int(1..5)]
language Essence 1.3

letting x be [THING1, THING2, THING2, THING2, THING2; int(1..5)]
letting y be [THING2, THING2, THING2, THING2, THING2; int(1..5)]
language Essence 1.3

letting x be [THING2, THING2, THING2, THING2, THING2; int(1..5)]
letting y be [THING1, THING1, THING1, THING1, THING1; int(1..5)]
language Essence 1.3

letting x be [THING2, THING2, THING2, THING2, THING2; int(1..5)]
letting y be [THING1, THING1, THING1, THING1, THING2; int(1..5)]
language Essence 1.3

letting x be [THING2, THING2, THING2, THING2, THING2; int(1..5)]
letting y be [THING1, THING1, THING1, THING2, THING2; int(1..5)]
language Essence 1.3

letting x be [THING2, THING2, THING2, THING2, THING2; int(1..5)]
letting y be [THING1, THING1, THING2, THING2, THING2; int(1..5)]
language Essence 1.3

letting x be [THING2, THING2, THING2, THING2, THING2; int(1..5)]
letting y be [THING1, THING2, THING2, THING2, THING2; int(1..5)]
language Essence 1.3

letting x be [THING2, THING2, THING2, THING2, THING2; int(1..5)]
letting y be [THING2, THING2, THING2, THING2, THING2; int(1..5)]
