language Essence 1.3

find var1: int(4, 1)
such that apart({[0, var1, var1, var1, var1; int(2, 7..10)]}, partition({([] : `matrix indexed by [int] of int`)}))
