language Essence 1.3

find var1: int(4, 5)
find var2: matrix indexed by [int(0, 2)] of bool
such that var2[var1]
