language Essence 1.3

given given1: mset (maxOccur 1) of int(0, 0)
find unused: bool
