Generating models for set-subsetEq.essence
Generated models: model_1_1.eprime, model_1_2.eprime, model_1_3.eprime, model_1_4.eprime, model_2_1.eprime,
                  model_2_2.eprime, model_2_3.eprime, model_2_4.eprime, model_3_1.eprime, model_3_2.eprime,
                  model_3_3.eprime, model_3_4.eprime, model_4_1.eprime, model_4_2.eprime, model_4_3.eprime,
                  model_4_4.eprime
Saved under: conjure-output
Savile Row: model_1_1.eprime a.param
Savile Row: model_1_2.eprime a.param
Savile Row: model_1_3.eprime a.param
Savile Row: model_1_4.eprime a.param
Savile Row: model_2_1.eprime a.param
Savile Row: model_2_2.eprime a.param
Savile Row: model_2_3.eprime a.param
Savile Row: model_2_4.eprime a.param
Savile Row: model_3_1.eprime a.param
Savile Row: model_3_2.eprime a.param
Savile Row: model_3_3.eprime a.param
Savile Row: model_3_4.eprime a.param
Savile Row: model_4_1.eprime a.param
Savile Row: model_4_2.eprime a.param
Savile Row: model_4_3.eprime a.param
Savile Row: model_4_4.eprime a.param
No solutions found.
conjure-output/model_1_1-a.eprime-info:SolverNodes:35
conjure-output/model_1_2-a.eprime-info:SolverNodes:32
conjure-output/model_1_3-a.eprime-info:SolverNodes:35
conjure-output/model_1_4-a.eprime-info:SolverNodes:35
conjure-output/model_2_1-a.eprime-info:SolverNodes:25
conjure-output/model_2_2-a.eprime-info:SolverNodes:0
conjure-output/model_2_3-a.eprime-info:SolverNodes:0
conjure-output/model_2_4-a.eprime-info:SolverNodes:0
conjure-output/model_3_1-a.eprime-info:SolverNodes:94
conjure-output/model_3_2-a.eprime-info:SolverNodes:0
conjure-output/model_3_3-a.eprime-info:SolverNodes:0
conjure-output/model_3_4-a.eprime-info:SolverNodes:0
conjure-output/model_4_1-a.eprime-info:SolverNodes:94
conjure-output/model_4_2-a.eprime-info:SolverNodes:0
conjure-output/model_4_3-a.eprime-info:SolverNodes:0
conjure-output/model_4_4-a.eprime-info:SolverNodes:0
Using cached models.
Savile Row: model_1_1.eprime a.param
Savile Row: model_1_2.eprime a.param
Savile Row: model_1_3.eprime a.param
Savile Row: model_1_4.eprime a.param
Savile Row: model_2_1.eprime a.param
Savile Row: model_2_2.eprime a.param
Savile Row: model_2_3.eprime a.param
Savile Row: model_2_4.eprime a.param
Savile Row: model_3_1.eprime a.param
Savile Row: model_3_2.eprime a.param
Savile Row: model_3_3.eprime a.param
Savile Row: model_3_4.eprime a.param
Savile Row: model_4_1.eprime a.param
Savile Row: model_4_2.eprime a.param
Savile Row: model_4_3.eprime a.param
Savile Row: model_4_4.eprime a.param
No solutions found.
conjure-output/model_1_1-a.eprime-info:SolverNodes:35
conjure-output/model_1_2-a.eprime-info:SolverNodes:32
conjure-output/model_1_3-a.eprime-info:SolverNodes:0
conjure-output/model_1_4-a.eprime-info:SolverNodes:35
conjure-output/model_2_1-a.eprime-info:SolverNodes:25
conjure-output/model_2_2-a.eprime-info:SolverNodes:0
conjure-output/model_2_3-a.eprime-info:SolverNodes:0
conjure-output/model_2_4-a.eprime-info:SolverNodes:0
conjure-output/model_3_1-a.eprime-info:SolverNodes:0
conjure-output/model_3_2-a.eprime-info:SolverNodes:0
conjure-output/model_3_3-a.eprime-info:SolverNodes:0
conjure-output/model_3_4-a.eprime-info:SolverNodes:0
conjure-output/model_4_1-a.eprime-info:SolverNodes:94
conjure-output/model_4_2-a.eprime-info:SolverNodes:0
conjure-output/model_4_3-a.eprime-info:SolverNodes:0
conjure-output/model_4_4-a.eprime-info:SolverNodes:0
Using cached models.
Savile Row: model_1_1.eprime a.param
Savile Row: model_1_2.eprime a.param
Savile Row: model_1_3.eprime a.param
Savile Row: model_1_4.eprime a.param
Savile Row: model_2_1.eprime a.param
Savile Row: model_2_2.eprime a.param
Savile Row: model_2_3.eprime a.param
Savile Row: model_2_4.eprime a.param
Savile Row: model_3_1.eprime a.param
Savile Row: model_3_2.eprime a.param
Savile Row: model_3_3.eprime a.param
Savile Row: model_3_4.eprime a.param
Savile Row: model_4_1.eprime a.param
Savile Row: model_4_2.eprime a.param
Savile Row: model_4_3.eprime a.param
Savile Row: model_4_4.eprime a.param
No solutions found.
conjure-output/model_1_1-a.eprime-info:SolverNodes:35
conjure-output/model_1_2-a.eprime-info:SolverNodes:32
conjure-output/model_1_3-a.eprime-info:SolverNodes:0
conjure-output/model_1_4-a.eprime-info:SolverNodes:35
conjure-output/model_2_1-a.eprime-info:SolverNodes:25
conjure-output/model_2_2-a.eprime-info:SolverNodes:0
conjure-output/model_2_3-a.eprime-info:SolverNodes:0
conjure-output/model_2_4-a.eprime-info:SolverNodes:0
conjure-output/model_3_1-a.eprime-info:SolverNodes:0
conjure-output/model_3_2-a.eprime-info:SolverNodes:0
conjure-output/model_3_3-a.eprime-info:SolverNodes:0
conjure-output/model_3_4-a.eprime-info:SolverNodes:0
conjure-output/model_4_1-a.eprime-info:SolverNodes:94
conjure-output/model_4_2-a.eprime-info:SolverNodes:0
conjure-output/model_4_3-a.eprime-info:SolverNodes:0
conjure-output/model_4_4-a.eprime-info:SolverNodes:0
Using cached models.
Savile Row: model_1_1.eprime a.param
Savile Row: model_1_2.eprime a.param
Savile Row: model_1_3.eprime a.param
Savile Row: model_1_4.eprime a.param
Savile Row: model_2_1.eprime a.param
Savile Row: model_2_2.eprime a.param
Savile Row: model_2_3.eprime a.param
Savile Row: model_2_4.eprime a.param
Savile Row: model_3_1.eprime a.param
Savile Row: model_3_2.eprime a.param
Savile Row: model_3_3.eprime a.param
Savile Row: model_3_4.eprime a.param
Savile Row: model_4_1.eprime a.param
Savile Row: model_4_2.eprime a.param
Savile Row: model_4_3.eprime a.param
Savile Row: model_4_4.eprime a.param
No solutions found.
conjure-output/model_1_1-a.eprime-info:SolverNodes:35
conjure-output/model_1_2-a.eprime-info:SolverNodes:0
conjure-output/model_1_3-a.eprime-info:SolverNodes:0
conjure-output/model_1_4-a.eprime-info:SolverNodes:0
conjure-output/model_2_1-a.eprime-info:SolverNodes:25
conjure-output/model_2_2-a.eprime-info:SolverNodes:0
conjure-output/model_2_3-a.eprime-info:SolverNodes:0
conjure-output/model_2_4-a.eprime-info:SolverNodes:0
conjure-output/model_3_1-a.eprime-info:SolverNodes:0
conjure-output/model_3_2-a.eprime-info:SolverNodes:0
conjure-output/model_3_3-a.eprime-info:SolverNodes:0
conjure-output/model_3_4-a.eprime-info:SolverNodes:0
conjure-output/model_4_1-a.eprime-info:SolverNodes:94
conjure-output/model_4_2-a.eprime-info:SolverNodes:0
conjure-output/model_4_3-a.eprime-info:SolverNodes:0
conjure-output/model_4_4-a.eprime-info:SolverNodes:0
