grep: output-3/*.solution: No such file or directory
grep: output-4/*.solution: No such file or directory
