language Essence 1.3

find var1: bool
find var4: bool
such that
    toMSet(parts(partition({relation((var4, false /\ false, 9 != 0), (6 != -4, true != false, true <-> true),
                                     (false, false != false, false -> true)),
                            relation((false = true, var4, var1), (var4, false != true, true \/ false),
                                     (true \/ true, true /\ false, var1)),
                            relation((var4, var4, false), (false \/ false, false \/ true, false),
                                     (-7 = -2, var4, 9 != 6)),
                            relation((true <-> false, var4, true), (var4, true, true), (var4, var4, false -> true))})))
    != (mset() : `mset of set of relation of (bool * bool * bool)`)
