language Essence 1.3

find var1: matrix indexed by [int(2, 2..4)] of int(0..4, 1..5)
find var2: int(3..4, 0)
such that
    [l_2 | l_1 : bool, l_2 : bool][var2] = ([l_3 | l_3 : bool][var2] = false),
    [true, true, true,
     [[true, true, false; int(7..8, 6)], [true, true, false, true, true; int(12, 0, 5..6, 7)], [false; int(0)];
          int(4, 9, 3)]
     = [[false, true; int(4, 3)], ([] : `matrix indexed by [int] of bool`), [false, false; int(2, 1)]; int(4, 5, 6)];
         int(5..6, 10, 1)]
        [var2]
