language ESSENCE' 1.0

find var1_Explicit: matrix indexed by [int(1..0)] of int(5, 1..5)
find var2_ExplicitVarSizeWithFlags_Flags: matrix indexed by [int(1..0)] of int(0)
find var2_ExplicitVarSizeWithFlags_Values: matrix indexed by [int(1..0)] of int(3, 1)
such that true
