language Essence 1.3

find var1: matrix indexed by [int(5, 0..2)] of bool
find var2: set (size 0) of bool
find var3: bool
find var4: relation (maxSize 5, reflexive, symmetric, partialOrder) of (bool * bool)
such that var3
