language Essence 1.3

letting given1 be partition({2, 3, 5}, {4})
$ Visualisation for given1
$ 2 3 5
$ 4

letting given2 be (false, true, false, 3)
