language ESSENCE' 1.0

letting var2_RelationAsSet_Explicit_1_1 be ([] : `matrix indexed by [int] of bool`)
letting var2_RelationAsSet_Explicit_2_Function1D be ([] : `matrix indexed by [int, int] of bool`)
letting var2_RelationAsSet_Explicit_3 be ([] : `matrix indexed by [int, int] of bool`)
