language ESSENCE' 1.0

find var2: bool
such that var2 = [true, true; int(1..2)][[0; int(1)][0]]
