language Essence 1.3

letting var1 be function(false --> false, true --> true)
letting var2 be mset()
letting var3 be relation()
