language Essence 1.3

find var1: bool
find var2: bool
such that
    apart({[relation((relation((var2, var2), (var1, var1)), var2), (relation((var2, var2)), var1),
                     (relation((var1, var2), (var2, var1), (var2, var2), (var1, var2)), var2 <-> var1),
                     (relation((var1, var1)), var2));
                int(1)],
           [relation((relation((var1, var2), (var2, var2), (var2, var2), (var1, var1), (var2, var1)), var2),
                     (relation((var2, var1), (var2, var1)), var2)),
            relation(((relation() : `relation of (bool * bool)`), var1), (relation((var1, var1)), var2),
                     ((relation() : `relation of (bool * bool)`), var2),
                     (relation((var2, var1), (var1, var2), (var1, var1), (var2, var2)), var1 -> var1));
                int(3..4)]},
          partition({[relation((relation((false, true), (false, false), (false, true)), !false),
                               (relation((true, true)), true = false),
                               (relation((true, true), (true, false), (true, false), (true, false), (false, true)),
                                false > true)),
                      (relation() : `relation of (relation of (bool * bool) * bool)`),
                      relation((relation((false, true)), !false));
                          int(0, 1, 2)],
                     [relation((relation((true, true), (false, true), (true, true)), false),
                               (relation((false, true)), true >= false)),
                      relation((relation((false, true), (true, false)), false -> true),
                               (relation((true, false), (true, false), (false, false)), false -> false),
                               (relation((false, false)), true > false)),
                      relation((relation((true, false), (true, true), (true, true), (true, true)), false <-> true),
                               (relation((false, true), (true, false)), false < false),
                               (relation((true, true), (false, true), (true, true), (false, true)), true <-> true),
                               (relation((false, false), (true, false), (true, true), (true, true)), false > true)),
                      relation((relation((false, true), (false, false), (true, false), (true, true)), true -> false),
                               (relation((false, false), (true, true), (false, false), (false, false)), false >= true));
                          int(2, 9, 3, 10)],
                     [relation((relation((true, true), (true, true), (true, true)), true != false)),
                      relation(((relation() : `relation of (bool * bool)`), true > false)),
                      relation((relation((true, true), (false, false), (true, true)), false <-> false),
                               (relation((true, false), (false, false), (true, true), (false, true), (true, false)),
                                !false),
                               (relation((false, false)), true <= false)),
                      relation((relation((true, false)), false <= false));
                          int(3..6)],
                     [relation((relation((false, true)), false <-> true),
                               (relation((true, false), (true, false), (false, false), (false, true), (true, false)),
                                !true),
                               (relation((false, true)), false >= true), (relation((true, true)), false <= false),
                               ((relation() : `relation of (bool * bool)`), !false)),
                      relation((relation((true, false), (true, true), (false, false), (true, true)), 0 > 0),
                               (relation((false, true), (true, false)), true != false),
                               (relation((true, true), (false, true), (false, false)), false = false),
                               (relation((true, false), (true, false), (true, false), (false, false), (true, true)),
                                true >= true),
                               (relation((false, true), (false, false), (false, true), (true, false)), false > true));
                          int(0..1)]},
                    {[relation((relation((true, false), (true, true), (true, true), (false, false), (false, true)),
                                false <= false)),
                      relation((relation((false, false), (false, false), (false, true)), true <= false),
                               (relation((false, false), (false, true), (true, true), (false, true), (true, false)),
                                4 < 3),
                               (relation((true, false)), false != true),
                               (relation((false, true), (false, false), (false, true)), true >= false)),
                      relation((relation((false, true), (false, true)), true != false),
                               (relation((false, true), (false, true), (false, true)), true > false),
                               ((relation() : `relation of (bool * bool)`), false >= false),
                               (relation((true, true), (false, true), (true, false), (false, true)), false < false),
                               (relation((false, false), (false, false)), true >= false)),
                      relation((relation((true, false), (true, false), (true, true), (false, true)), false = false),
                               (relation((false, false), (true, true), (false, false), (true, true)), true != false));
                          int(9, 7, 6..7)],
                     [relation((relation((false, false), (false, true), (true, false), (false, false), (true, false)),
                                false <-> false),
                               (relation((false, true), (false, false), (true, false), (false, true), (false, true)),
                                !false),
                               ((relation() : `relation of (bool * bool)`), false > false)),
                      (relation() : `relation of (relation of (bool * bool) * bool)`);
                          int(1, 3)],
                     [relation((relation((false, true), (true, false), (false, false), (true, true)), true <-> false)),
                      relation(((relation() : `relation of (bool * bool)`), true >= false),
                               (relation((true, true), (true, true), (true, true), (false, true), (false, true)),
                                false < false)),
                      (relation() : `relation of (relation of (bool * bool) * bool)`),
                      (relation() : `relation of (relation of (bool * bool) * bool)`);
                          int(9..10, 0..1)]},
                    {[(relation() : `relation of (relation of (bool * bool) * bool)`); int(1)],
                     [relation(((relation() : `relation of (bool * bool)`), false <-> true)),
                      relation((relation((false, false), (false, true), (false, false)), true != true),
                               (relation((true, false), (false, false), (true, true), (true, true)), false <-> true)),
                      relation((relation((true, false), (false, true)), false = false),
                               (relation((true, false), (true, false)), false != true),
                               (relation((false, false), (true, true), (false, true), (true, false), (true, false)),
                                true = false)),
                      (relation() : `relation of (relation of (bool * bool) * bool)`),
                      relation(((relation() : `relation of (bool * bool)`), !true),
                               (relation((true, false), (false, true)), false > true),
                               ((relation() : `relation of (bool * bool)`), true != true),
                               (relation((false, false), (true, true), (true, true), (false, false), (false, false)),
                                true != false));
                          int(14, 0..1, 5..6)],
                     [relation((relation((true, false), (false, true)), false <= true),
                               ((relation() : `relation of (bool * bool)`), true -> true),
                               (relation((false, false)), true <= false),
                               (relation((false, false), (false, false), (true, true), (false, true), (true, false)),
                                true >= false),
                               (relation((true, true), (true, false), (false, true), (true, true)), false >= false));
                          int(0)],
                     [relation((relation((false, true)), true <= true),
                               (relation((true, false), (true, true), (true, false), (true, true)), true > false),
                               (relation((true, false), (false, false), (true, false), (true, true)), true <-> false),
                               (relation((true, true), (false, true)), !false),
                               (relation((false, false), (false, false), (false, true), (false, false), (true, true)),
                                false <= false)),
                      relation((relation((false, true), (false, true), (true, false), (false, true), (false, false)),
                                true != false)),
                      relation((relation((true, true), (false, true), (false, false), (false, true)), true >= true),
                               (relation((false, true), (false, true), (true, true), (true, true)), !false),
                               ((relation() : `relation of (bool * bool)`), false -> false),
                               (relation((true, false), (true, false), (true, false)), !true)),
                      (relation() : `relation of (relation of (bool * bool) * bool)`);
                          int(3..6)],
                     [(relation() : `relation of (relation of (bool * bool) * bool)`),
                      relation((relation((true, false), (true, true)), true <= false),
                               ((relation() : `relation of (bool * bool)`), true = false)),
                      relation((relation((true, false), (true, false), (false, true), (true, true), (false, false)),
                                false = false));
                          int(4..6)]},
                    {[relation((relation((true, false)), false <-> true),
                               (relation((false, true), (true, false)), true <= true),
                               (relation((true, false), (false, false), (true, true), (true, false), (false, false)),
                                false),
                               (relation((true, false), (false, true)), false != false)),
                      relation((relation((false, true)), !true)),
                      relation(((relation() : `relation of (bool * bool)`), false != false),
                               ((relation() : `relation of (bool * bool)`), true < false),
                               ((relation() : `relation of (bool * bool)`), false = true),
                               ((relation() : `relation of (bool * bool)`), true > true));
                          int(1, 8, 4)],
                     [relation((relation((true, true), (true, true)), false != true),
                               ((relation() : `relation of (bool * bool)`), false < true),
                               (relation((false, false), (false, false), (false, false), (true, false), (false, false)),
                                !false)),
                      relation((relation((false, false), (false, true), (true, true)), true <-> false),
                               (relation((false, false), (true, false), (true, true), (false, false)), true = true),
                               (relation((true, true), (true, true), (false, true), (false, true), (false, true)),
                                true = false)),
                      relation((relation((false, true), (true, true)), false <= true),
                               (relation((true, true), (true, true)), !false)),
                      relation((relation((true, false), (false, true), (true, true)), false <-> false),
                               (relation((false, true), (true, true), (true, false), (true, true), (true, false)),
                                false -> true),
                               (relation((true, true), (true, false), (false, false), (false, true)), true != true),
                               (relation((false, true), (true, true), (false, false), (true, true)), true >= true),
                               ((relation() : `relation of (bool * bool)`), true -> false)),
                      relation((relation((true, false), (false, true)), true <-> true));
                          int(12..13, 8, 10, 3)],
                     [relation((relation((true, false), (false, true), (true, false), (true, false)), true < true)),
                      (relation() : `relation of (relation of (bool * bool) * bool)`);
                          int(0, 2)]},
                    {[relation((relation((false, false), (true, false), (true, true)), false),
                               (relation((false, true), (true, false)), true),
                               (relation((false, false), (false, false), (false, true), (false, false)), false),
                               (relation((true, false)), false),
                               (relation((false, true), (true, false), (true, true), (true, false), (false, true)),
                                true));
                          int(0)],
                     [relation((relation((true, false), (false, true), (false, false), (false, false), (true, false)),
                                false < true)),
                      relation((relation((false, true), (false, false)), false <-> false),
                               (relation((false, false)), true -> true),
                               ((relation() : `relation of (bool * bool)`), false != true),
                               (relation((true, false)), true < false),
                               ((relation() : `relation of (bool * bool)`), !false));
                          int(6, 0)],
                     ([] : `matrix indexed by [int] of relation of (relation of (bool * bool) * bool)`),
                     [relation((relation((true, false), (true, false), (true, false), (false, true)), true != true),
                               (relation((false, false), (false, false), (true, true), (true, true)), false <-> false),
                               ((relation() : `relation of (bool * bool)`), false -> false)),
                      relation((relation((true, true)), true < true),
                               (relation((true, true), (false, true), (false, true)), false <= false));
                          int(5, 2)],
                     [relation((relation((false, true), (false, true)), false > true),
                               ((relation() : `relation of (bool * bool)`), true >= false),
                               ((relation() : `relation of (bool * bool)`), 2 < 4),
                               (relation((true, false), (true, true)), true <-> false)),
                      (relation() : `relation of (relation of (bool * bool) * bool)`),
                      relation((relation((true, false), (true, true)), false >= true),
                               (relation((true, false), (false, false), (false, true)), false != true),
                               (relation((false, false), (false, false), (true, true), (false, true), (true, true)),
                                5 <= 5),
                               ((relation() : `relation of (bool * bool)`), false <= true),
                               ((relation() : `relation of (bool * bool)`), false >= false)),
                      relation((relation((false, true)), true >= true),
                               (relation((false, false), (false, true), (true, false), (false, false), (true, false)),
                                true -> false),
                               ((relation() : `relation of (bool * bool)`), false != true));
                          int(11, 1, 4..5)]}))
