language ESSENCE' 1.0

letting var1_Explicit be ([] : `matrix indexed by [int] of int`)
