language ESSENCE' 1.0

letting var2_ExplicitVarSizeWithFlags_Flags be ([] : `matrix indexed by [int] of bool`)
letting var2_ExplicitVarSizeWithFlags_Values be ([] : `matrix indexed by [int] of bool`)
