language Essence 1.3

find var1: function (total, bijective) bool --> bool
find var2: mset (maxSize 4, minOccur 4, maxOccur 4) of bool
find var3: relation of (bool * bool * bool * bool)
such that
    (function() : `function bool --> bool`) != var1,
    (true, false)[1],
    or([true, true, true, false, true; int(9, 7..10)]),
    relation((true, false, true, false), (true, false, false, false), (true, false, false, false),
             (true, false, false, false))
    supset var3,
    apart({true}, partition({false, false, true}, {true, false}, {true}, {true, true, false}, {true, false, true}))
