language Essence 1.3

find var1: bool
find var2: bool
such that
    var2 -> false,
    var2,
    var2 > (var2 != var1),
    var2,
    (function() : `function bool --> bool`) supset function(false --> true),
    image(function(false --> false, true --> true), var1 < var1)
