Generating models for permutation.essence
Generated models: model000001.eprime
Saved under: conjure-output
Savile Row: model000001.eprime
Copying solution to: permutation-000001.solution
Copying solution to: permutation-000002.solution
Copying solution to: permutation-000003.solution
Copying solution to: permutation-000004.solution
Copying solution to: permutation-000005.solution
Copying solution to: permutation-000006.solution
Copying solution to: permutation-000007.solution
Copying solution to: permutation-000008.solution
Copying solution to: permutation-000009.solution
Copying solution to: permutation-000010.solution
language Essence 1.3

letting m be [0, 0, 0, 0, 0, 0, 0, 0, 0; int(1..9)]
language Essence 1.3

letting m be [0, 0, 0, 0, 0, 0, 0, 0, 1; int(1..9)]
language Essence 1.3

letting m be [0, 0, 0, 0, 0, 0, 0, 1, 1; int(1..9)]
language Essence 1.3

letting m be [0, 0, 0, 0, 0, 0, 1, 1, 1; int(1..9)]
language Essence 1.3

letting m be [0, 0, 0, 0, 0, 1, 1, 1, 1; int(1..9)]
language Essence 1.3

letting m be [0, 0, 0, 0, 1, 1, 1, 1, 1; int(1..9)]
language Essence 1.3

letting m be [0, 0, 0, 1, 1, 1, 1, 1, 1; int(1..9)]
language Essence 1.3

letting m be [0, 0, 1, 1, 1, 1, 1, 1, 1; int(1..9)]
language Essence 1.3

letting m be [0, 1, 1, 1, 1, 1, 1, 1, 1; int(1..9)]
language Essence 1.3

letting m be [1, 1, 1, 1, 1, 1, 1, 1, 1; int(1..9)]
