language Essence 1.3

find var1: bool
find var2: partition (minNumParts 5, minPartSize 5, maxPartSize 5) from bool
such that
    mset([var1, var1, var1, var1; int(2..5)], [var1, var1, var1; int(0..1, 4)],
         ([] : `matrix indexed by [int] of bool`))
    subset (mset() : `mset of matrix indexed by [int] of bool`),
    image(function([false, false, false, false; int(2, 7, 3, 1)] --> !false,
                   [false, false, false, false; int(10..11, 9, 7)] --> false >= true),
          [var1 | l_1 : bool, l_2 : bool, l_2 <= l_2])
