Generating models for 387.essence
Generated models: model.eprime
Saved under: conjure-output
Savile Row: model.eprime
No solutions found.
