language ESSENCE' 1.0

letting var1 be false
letting var2_PartitionAsSet_ExplicitVarSizeWithMarker_Marker be 0
letting var2_PartitionAsSet_ExplicitVarSizeWithMarker_Values_ExplicitVarSizeWithMarker_Marker be [0, 0; int(1..2)]
letting var2_PartitionAsSet_ExplicitVarSizeWithMarker_Values_ExplicitVarSizeWithMarker_Values_1 be
        [[-1; int(1)], [-1; int(1)]; int(1..2)]
letting var3_Function1DPartial_Flags be [false; int(5)]
letting var3_Function1DPartial_Values_Function1DPartial_Flags be [[false; int(3)]; int(5)]
letting var3_Function1DPartial_Values_Function1DPartial_Values be [[false; int(3)]; int(5)]
