Generating models for frameUpdate_01.essence
    Answer 1: choose-repr: Choosing representation for a:
                               set {Occurrence} (size 4) of int(1..7)
              a
    Answer 2: choose-repr: Choosing representation for a:
                               set {Explicit} (size 4) of int(1..7)
              a
Response: 1
    Answer 1: choose-repr: Choosing representation for b:
                               set {Occurrence} (size 4) of int(1..7)
              b
    Answer 2: choose-repr: Choosing representation for b:
                               set {Explicit} (size 4) of int(1..7)
              b
Response: 1
Generated models: model000001.eprime
Saved under: Occurrence
Savile Row: model000001.eprime
language Essence 1.3

letting a be {2, 4, 5, 7}
letting b be {3, 4, 5, 6}
language Essence 1.3

letting a be {1, 4, 5, 7}
letting b be {2, 4, 5, 6}
language Essence 1.3

letting a be {1, 3, 5, 7}
letting b be {2, 3, 5, 6}
language Essence 1.3

letting a be {1, 3, 4, 7}
letting b be {2, 3, 4, 6}
language Essence 1.3

letting a be {1, 3, 4, 6}
letting b be {2, 3, 4, 5}
Generating models for frameUpdate_01.essence
    Answer 1: choose-repr: Choosing representation for a:
                               set {Occurrence} (size 4) of int(1..7)
              a
    Answer 2: choose-repr: Choosing representation for a:
                               set {Explicit} (size 4) of int(1..7)
              a
Response: 1
    Answer 1: choose-repr: Choosing representation for b:
                               set {Occurrence} (size 4) of int(1..7)
              b
    Answer 2: choose-repr: Choosing representation for b:
                               set {Explicit} (size 4) of int(1..7)
              b
Response: 1
Generated models: model000001.eprime
Saved under: Explicit
Savile Row: model000001.eprime
language Essence 1.3

letting a be {2, 4, 5, 7}
letting b be {3, 4, 5, 6}
language Essence 1.3

letting a be {1, 4, 5, 7}
letting b be {2, 4, 5, 6}
language Essence 1.3

letting a be {1, 3, 5, 7}
letting b be {2, 3, 5, 6}
language Essence 1.3

letting a be {1, 3, 4, 7}
letting b be {2, 3, 4, 6}
language Essence 1.3

letting a be {1, 3, 4, 6}
letting b be {2, 3, 4, 5}
