Generating models for permutation.essence
Generated models: model000001.eprime
Saved under: conjure-output
Savile Row: model000001.eprime permutation.param
Copying solution to: permutation-permutation-000001.solution
Copying solution to: permutation-permutation-000002.solution
Copying solution to: permutation-permutation-000003.solution
Copying solution to: permutation-permutation-000004.solution
Copying solution to: permutation-permutation-000005.solution
Copying solution to: permutation-permutation-000006.solution
Copying solution to: permutation-permutation-000007.solution
Copying solution to: permutation-permutation-000008.solution
Copying solution to: permutation-permutation-000009.solution
Copying solution to: permutation-permutation-000010.solution
Copying solution to: permutation-permutation-000011.solution
Copying solution to: permutation-permutation-000012.solution
Copying solution to: permutation-permutation-000013.solution
Copying solution to: permutation-permutation-000014.solution
Copying solution to: permutation-permutation-000015.solution
Copying solution to: permutation-permutation-000016.solution
Copying solution to: permutation-permutation-000017.solution
Copying solution to: permutation-permutation-000018.solution
Copying solution to: permutation-permutation-000019.solution
Copying solution to: permutation-permutation-000020.solution
language Essence 1.3

letting x be [1, 1, 1, 1, 1; int(1..5)]
letting y be [1, 1, 1, 1, 1; int(1..5)]
language Essence 1.3

letting x be [1, 1, 1, 1, 2; int(1..5)]
letting y be [1, 1, 1, 1, 1; int(1..5)]
language Essence 1.3

letting x be [1, 1, 1, 1, 2; int(1..5)]
letting y be [1, 1, 1, 1, 2; int(1..5)]
language Essence 1.3

letting x be [1, 1, 1, 1, 3; int(1..5)]
letting y be [1, 1, 1, 1, 1; int(1..5)]
language Essence 1.3

letting x be [1, 1, 1, 1, 3; int(1..5)]
letting y be [1, 1, 1, 1, 2; int(1..5)]
language Essence 1.3

letting x be [1, 1, 1, 1, 4; int(1..5)]
letting y be [1, 1, 1, 1, 1; int(1..5)]
language Essence 1.3

letting x be [1, 1, 1, 1, 4; int(1..5)]
letting y be [1, 1, 1, 1, 2; int(1..5)]
language Essence 1.3

letting x be [1, 1, 1, 1, 5; int(1..5)]
letting y be [1, 1, 1, 1, 1; int(1..5)]
language Essence 1.3

letting x be [1, 1, 1, 1, 5; int(1..5)]
letting y be [1, 1, 1, 1, 2; int(1..5)]
language Essence 1.3

letting x be [1, 1, 1, 2, 1; int(1..5)]
letting y be [1, 1, 1, 1, 1; int(1..5)]
language Essence 1.3

letting x be [1, 1, 1, 2, 1; int(1..5)]
letting y be [1, 1, 1, 1, 2; int(1..5)]
language Essence 1.3

letting x be [1, 1, 1, 2, 1; int(1..5)]
letting y be [1, 1, 1, 1, 3; int(1..5)]
language Essence 1.3

letting x be [1, 1, 1, 2, 1; int(1..5)]
letting y be [1, 1, 1, 1, 4; int(1..5)]
language Essence 1.3

letting x be [1, 1, 1, 2, 1; int(1..5)]
letting y be [1, 1, 1, 1, 5; int(1..5)]
language Essence 1.3

letting x be [1, 1, 1, 2, 1; int(1..5)]
letting y be [1, 1, 1, 2, 1; int(1..5)]
language Essence 1.3

letting x be [1, 1, 1, 2, 2; int(1..5)]
letting y be [1, 1, 1, 1, 1; int(1..5)]
language Essence 1.3

letting x be [1, 1, 1, 2, 2; int(1..5)]
letting y be [1, 1, 1, 1, 2; int(1..5)]
language Essence 1.3

letting x be [1, 1, 1, 2, 2; int(1..5)]
letting y be [1, 1, 1, 1, 3; int(1..5)]
language Essence 1.3

letting x be [1, 1, 1, 2, 2; int(1..5)]
letting y be [1, 1, 1, 1, 4; int(1..5)]
language Essence 1.3

letting x be [1, 1, 1, 2, 2; int(1..5)]
letting y be [1, 1, 1, 1, 5; int(1..5)]
