language Essence 1.3

find var1: int(2, 4..5)
such that
    image(function(true --> true, true --> true, false --> false, true --> false), false >= true),
    function(true --> true, false --> true, false --> true) subsetEq
    function(true --> true, false --> false, false --> false, true --> false, false --> false),
    (true != false) in mset(true)
minimising ([] : `matrix indexed by [int] of int`)[var1]
