language ESSENCE' 1.0

find var1: int(0, 2)
find var2: int(1..2, 2..4)
maximising sum([toInt(false = (var1 > var1)), toInt(false = (var1 > var1)), toInt(false = (var1 > var1)); int(1..3)])
such that true
