language Essence 1.3

letting given1 be 4
letting given2 be tuple (false)
letting given3 be partition({false, true})
$ Visualisation for given3
$ _ T

