language ESSENCE' 1.0

find unused: bool
given given2_ExplicitWithRepetitionR15_Flag: int(0..5)
given given2_ExplicitWithRepetitionR15_Values_RelationAsMatrix:
        matrix indexed by [int(1..5), int(3..4, 0), int(0, 1), bool, bool] of bool
such that true
