language Essence 1.3

find var4: bool
such that image(function(false --> false), var4)
