Error:
    No value for: E3
    Bindings in context:
        my_function: function(E3 --> 1)
        my_enum: `my_enum`
